Questa Intel Starter FPGA Edition-64 vlog 2024.3 Compiler 2024.09 Sep 10 2024
Start time: 00:01:07 on Oct 26,2025
vlog -sv -f compile.f -l compile.log 
-- Compiling interface SSP_if
-- Compiling module tb

Top level modules:
	tb
End time: 00:01:07 on Oct 26,2025, Elapsed time: 0:00:00
Errors: 0, Warnings: 0
